This is pdfTeX, Version 3.14159265-2.6-1.40.17 (TeX Live 2016) (preloaded format=pdflatex 2017.4.7)  22 JUN 2017 20:54
entering extended mode
 restricted \write18 enabled.
 file:line:error style messages enabled.
 %&-line parsing enabled.
**Lagrangian_Approach.tex
(./Lagrangian_Approach.tex
LaTeX2e <2017/01/01> patch level 3
Babel <3.9r> and hyphenation patterns for 83 language(s) loaded.
./Lagrangian_Approach.tex:1: Undefined control sequence.
l.1 \section
            {Lagrangian Approach}
? 
./Lagrangian_Approach.tex:1: Emergency stop.
l.1 \section
            {Lagrangian Approach}
End of file on the terminal!

 
Here is how much of TeX's memory you used:
 5 strings out of 493013
 175 string characters out of 6133344
 53646 words of memory out of 5000000
 3649 multiletter control sequences out of 15000+600000
 3640 words of font info for 14 fonts, out of 8000000 for 9000
 1141 hyphenation exceptions out of 8191
 5i,0n,1p,55b,8s stack positions out of 5000i,500n,10000p,200000b,80000s
./Lagrangian_Approach.tex:1:  ==> Fatal error occurred, no output PDF file prod
uced!
